// Vitest Snapshot v1, https://vitest.dev/guide/snapshot.html

exports[`toDateInputValue > matches snapshot 1`] = `"2024-11-18"`;
